set(DIR ${CMAKE_CURRENT_SOURCE_DIR})

set(expected_HeaderFiles ${expected_HeaderFiles}
    "${DIR}/expected.hpp"

    PARENT_SCOPE
)
